
--- Master EVCU Multi-COM Test ---
20
20
20
20
100
20
20
20
20
20
100
20
20
20
20
20
100
20
20
20
20
20
100
20
20
20
20
20
100
20
20
20
20
20
100
20
20
20
20
20
100
20
20
20
20
20
100
20
20
20
20
20
100
20
20
20
20
20
100
20
20
20
20
20
100
20
20
20
20
20
100
20
20
20
20
20
100
20
20
20
20
20
100
20
20
20
20
20
100
20
20
20
20
20
100
20
20
20
20
20
100
20
20
20
20
20
100
20
20
20
20
20
100
20
20
20
20
20
100
20
20
20
20
20
100
20
20
20
20
20
100
20
20
20
20
20
100
20
20
20
20
20
100
20
20
20
20
20
100
20
20
20
20
20
100
20
20
20
20
20
100
20
20
20
20
20
100
20
20
20
20
20
100
20
20
20
20
20
100
20
20
20
20
20
100
20
20
